../Core/Src/main.c:90:5:main	32	static
../Core/Src/main.c:170:6:SystemClock_Config	120	static
../Core/Src/main.c:228:13:MX_I2C1_Init	8	static
../Core/Src/main.c:276:13:MX_ICACHE_Init	8	static
../Core/Src/main.c:304:13:MX_SPI1_Init	8	static
../Core/Src/main.c:352:13:MX_TIM2_Init	64	static
../Core/Src/main.c:411:13:MX_TIM3_Init	64	static
../Core/Src/main.c:470:13:MX_TIM5_Init	64	static
../Core/Src/main.c:529:13:MX_TIM15_Init	40	static
../Core/Src/main.c:575:13:MX_UART5_Init	8	static
../Core/Src/main.c:623:13:MX_USART1_UART_Init	8	static
../Core/Src/main.c:671:13:MX_USART6_UART_Init	8	static
../Core/Src/main.c:719:13:MX_USB_PCD_Init	8	static
../Core/Src/main.c:755:13:MX_GPIO_Init	48	static
../Core/Src/main.c:826:6:Error_Handler	4	static,ignoring_inline_asm
