../Core/Src/main.c:90:5:main	1
../Core/Src/main.c:193:6:SystemClock_Config	4
../Core/Src/main.c:251:13:MX_I2C1_Init	4
../Core/Src/main.c:299:13:MX_ICACHE_Init	2
../Core/Src/main.c:327:13:MX_SPI1_Init	2
../Core/Src/main.c:375:13:MX_TIM2_Init	6
../Core/Src/main.c:434:13:MX_TIM3_Init	6
../Core/Src/main.c:493:13:MX_TIM5_Init	6
../Core/Src/main.c:552:13:MX_TIM15_Init	4
../Core/Src/main.c:598:13:MX_UART5_Init	5
../Core/Src/main.c:646:13:MX_USART1_UART_Init	5
../Core/Src/main.c:694:13:MX_USART6_UART_Init	5
../Core/Src/main.c:742:13:MX_USB_PCD_Init	2
../Core/Src/main.c:778:13:MX_GPIO_Init	1
../Core/Src/main.c:852:6:Error_Handler	1
