../Core/Src/main.c:90:5:main	72	static
../Core/Src/main.c:194:6:SystemClock_Config	120	static
../Core/Src/main.c:252:13:MX_I2C1_Init	8	static
../Core/Src/main.c:300:13:MX_ICACHE_Init	8	static
../Core/Src/main.c:328:13:MX_SPI1_Init	8	static
../Core/Src/main.c:376:13:MX_TIM2_Init	64	static
../Core/Src/main.c:435:13:MX_TIM3_Init	64	static
../Core/Src/main.c:494:13:MX_TIM5_Init	64	static
../Core/Src/main.c:553:13:MX_TIM15_Init	40	static
../Core/Src/main.c:599:13:MX_UART5_Init	8	static
../Core/Src/main.c:647:13:MX_USART1_UART_Init	8	static
../Core/Src/main.c:695:13:MX_USART6_UART_Init	8	static
../Core/Src/main.c:743:13:MX_USB_PCD_Init	8	static
../Core/Src/main.c:779:13:MX_GPIO_Init	48	static
../Core/Src/main.c:853:6:Error_Handler	4	static,ignoring_inline_asm
